00:00 +0: loading D:/proje/edebina_3d/test/core/services/turn_order_service_test.dart
00:00 +0 -1: loading D:/proje/edebina_3d/test/core/services/turn_order_service_test.dart [E]
  Failed to load "D:/proje/edebina_3d/test/core/services/turn_order_service_test.dart":
  Compilation failed for testPath=D:/proje/edebina_3d/test/core/services/turn_order_service_test.dart: lib/providers/game_notifier.dart:1074:51: Error: Too few positional arguments: 1 required, 0 given.
      ref.read(dialogProvider.notifier).showQuestion();
                                                    ^
  lib/providers/game_notifier.dart:1496:47: Error: Too few positional arguments: 1 required, 0 given.
      ref.read(dialogProvider.notifier).showCard();
                                                ^
  .
00:00 +0 -1: Some tests failed.
